===== INPUT =====
bytes=6951183782
===== COMPRESS =====
Temporary directory: /private/home/vtejomur/compression/bench_results/spring_tmp_36790702/tmp.fa37JncCHr/
Long flag detected.
Starting compression...
Preprocessing ...
Max Read length: 733020
Total number of reads: 186533
Preprocessing done!
Time for this step: 173 s
Temporary directory size: 1987156809

Sizes of streams after compression: 
Reads:         243505508 bytes
Quality:      1739495150 bytes
ID:              4156151 bytes
Creating tar archive ...Tar archive done!
Time for this step: 5 s
Compression done!
Total time for compression: 179 s

Total size:   1987225600 bytes
	Command being timed: "/private/home/vtejomur/compression/bench_tools/SPRING/build/spring -c -l -t 8 -w /private/home/vtejomur/compression/bench_results/spring_tmp_36790702 -i /private/home/vtejomur/compression/compressor_ont/CoLoRd/chr20_slice.fastq -o /private/home/vtejomur/compression/bench_results/chr20.spring"
	User time (seconds): 954.94
	System time (seconds): 23.35
	Percent of CPU this job got: 543%
	Elapsed (wall clock) time (h:mm:ss or m:ss): 2:59.86
	Average shared text size (kbytes): 0
	Average unshared data size (kbytes): 0
	Average stack size (kbytes): 0
	Average total size (kbytes): 0
	Maximum resident set size (kbytes): 7528484
	Average resident set size (kbytes): 0
	Major (requiring I/O) page faults: 31
	Minor (reclaiming a frame) page faults: 13656316
	Voluntary context switches: 102341
	Involuntary context switches: 3524
	Swaps: 0
	File system inputs: 1454920
	File system outputs: 7764352
	Socket messages sent: 0
	Socket messages received: 0
	Signals delivered: 0
	Page size (bytes): 4096
	Exit status: 0
===== COMPRESSED =====
bytes=1987225600
===== DECOMPRESS =====
