===== SYSTEM =====
phoenix-22.prism
Model name:                         AMD EPYC 9684X 96-Core Processor
===== DECOMPRESS =====
Temporary directory: /tmp/spring_dec_36790717/tmp.fa37JncCHr/
Starting decompression...
Untarring tar archive ...
Untarring archive done!
Decompressing ...
Decompression done!
Total time for decompression: 127 s
	Command being timed: "/private/home/vtejomur/compression/bench_tools/SPRING/build/spring -d -t 8 -w /tmp/spring_dec_36790717 -i /tmp/spring_dec_36790717/input.spring -o /tmp/spring_dec_36790717/decoded.fastq"
	User time (seconds): 721.51
	System time (seconds): 25.03
	Percent of CPU this job got: 585%
	Elapsed (wall clock) time (h:mm:ss or m:ss): 2:07.42
	Average shared text size (kbytes): 0
	Average unshared data size (kbytes): 0
	Average stack size (kbytes): 0
	Average total size (kbytes): 0
	Maximum resident set size (kbytes): 6617936
	Average resident set size (kbytes): 0
	Major (requiring I/O) page faults: 29
	Minor (reclaiming a frame) page faults: 13197258
	Voluntary context switches: 14451
	Involuntary context switches: 1015
	Swaps: 0
	File system inputs: 5200
	File system outputs: 17459600
	Socket messages sent: 0
	Socket messages received: 0
	Signals delivered: 0
	Page size (bytes): 4096
	Exit status: 0
===== VERIFY =====
ROUNDTRIP=PASS
decoded_bytes=6951183782
